2026-05-16 00:24:05,435 - __main__ - INFO - Loading models...
2026-05-16 00:24:05,930 - __main__ - INFO - Models loaded: 843 trees, 460 features
2026-05-16 00:24:05,931 - __main__ - INFO - Loading data...
2026-05-16 00:24:07,886 - __main__ - INFO - Data loaded: 87292 test samples
2026-05-16 00:24:08,071 - __main__ - INFO - Application started
2026-05-16 00:24:12,724 - __main__ - INFO - Application started
2026-05-16 00:24:14,176 - __main__ - INFO - Application started
2026-05-16 00:24:15,061 - __main__ - INFO - Application started
2026-05-16 00:24:15,777 - __main__ - INFO - Application started
2026-05-16 00:24:16,308 - __main__ - INFO - Application started
2026-05-16 00:24:16,644 - __main__ - INFO - Application started
2026-05-16 00:24:16,911 - __main__ - INFO - Application started
2026-05-16 00:24:17,160 - __main__ - INFO - Application started
2026-05-16 00:24:17,410 - __main__ - INFO - Application started
2026-05-16 00:24:17,624 - __main__ - INFO - Application started
2026-05-16 00:24:17,841 - __main__ - INFO - Application started
2026-05-16 00:24:18,093 - __main__ - INFO - Application started
2026-05-16 00:24:18,325 - __main__ - INFO - Application started
2026-05-16 00:24:18,559 - __main__ - INFO - Application started
2026-05-16 00:24:18,789 - __main__ - INFO - Application started
2026-05-16 00:24:19,043 - __main__ - INFO - Application started
2026-05-16 00:24:19,277 - __main__ - INFO - Application started
2026-05-16 00:24:19,576 - __main__ - INFO - Application started
2026-05-16 00:24:19,845 - __main__ - INFO - Application started
2026-05-16 00:24:20,074 - __main__ - INFO - Application started
2026-05-16 00:24:20,409 - __main__ - INFO - Application started
2026-05-16 00:24:20,710 - __main__ - INFO - Application started
2026-05-16 00:24:21,345 - __main__ - INFO - Application started
2026-05-16 00:24:21,677 - __main__ - INFO - Application started
2026-05-16 00:24:21,927 - __main__ - INFO - Application started
2026-05-16 00:24:22,194 - __main__ - INFO - Application started
2026-05-16 00:24:22,493 - __main__ - INFO - Application started
2026-05-16 00:24:22,775 - __main__ - INFO - Application started
2026-05-16 00:24:23,043 - __main__ - INFO - Application started
2026-05-16 00:24:23,326 - __main__ - INFO - Application started
2026-05-16 00:24:24,329 - __main__ - INFO - Application started
2026-05-16 00:24:24,727 - __main__ - INFO - Application started
2026-05-16 00:24:25,794 - __main__ - INFO - Application started
2026-05-16 00:24:25,843 - __main__ - INFO - Application started
2026-05-16 00:24:27,361 - __main__ - INFO - Application started
2026-05-16 00:24:27,408 - __main__ - INFO - Application started
2026-05-16 00:24:28,378 - __main__ - INFO - Application started
2026-05-16 00:24:28,426 - __main__ - INFO - Application started
2026-05-16 00:24:29,326 - __main__ - INFO - Application started
2026-05-16 00:24:29,375 - __main__ - INFO - Application started
2026-05-16 00:24:30,177 - __main__ - INFO - Application started
2026-05-16 00:24:30,236 - __main__ - INFO - Application started
2026-05-16 00:24:31,060 - __main__ - INFO - Application started
2026-05-16 00:24:31,118 - __main__ - INFO - Application started
2026-05-16 00:24:31,809 - __main__ - INFO - Application started
2026-05-16 00:24:31,860 - __main__ - INFO - Application started
2026-05-16 00:24:32,460 - __main__ - INFO - Application started
2026-05-16 00:24:32,511 - __main__ - INFO - Application started
2026-05-16 00:24:33,576 - __main__ - INFO - Application started
2026-05-16 00:24:33,623 - __main__ - INFO - Application started
2026-05-16 00:24:36,408 - __main__ - INFO - Application started
2026-05-16 00:24:36,457 - __main__ - INFO - Application started
2026-05-16 00:24:37,927 - __main__ - INFO - Application started
2026-05-16 00:24:37,936 - __main__ - INFO - Scoring transaction 32
2026-05-16 00:24:37,944 - __main__ - INFO - Score: 0.0000
2026-05-16 00:24:37,944 - __main__ - INFO - Decision: 🟢 APPROVE, Risk: LOW
2026-05-16 00:24:47,480 - __main__ - INFO - Application started
2026-05-16 00:24:49,033 - __main__ - INFO - Application started
2026-05-16 00:24:51,266 - __main__ - INFO - Application started
2026-05-16 00:24:56,628 - __main__ - INFO - Application started
2026-05-16 00:25:05,218 - __main__ - INFO - Application started
2026-05-16 00:25:07,267 - __main__ - INFO - Application started
2026-05-16 00:25:09,052 - __main__ - INFO - Application started
2026-05-16 00:25:10,567 - __main__ - INFO - Application started
2026-05-16 00:25:12,689 - __main__ - INFO - Application started
2026-05-16 00:25:14,522 - __main__ - INFO - Application started
2026-05-16 00:25:20,347 - __main__ - INFO - Application started
2026-05-16 00:25:21,392 - __main__ - INFO - Application started
2026-05-16 00:25:30,726 - __main__ - INFO - Application started
2026-05-16 00:25:30,735 - __main__ - INFO - Scoring transaction 0
2026-05-16 00:25:30,740 - __main__ - INFO - Score: 0.0007
2026-05-16 00:25:30,740 - __main__ - INFO - Decision: 🟢 APPROVE, Risk: LOW
2026-05-16 01:04:38,059 - __main__ - INFO - Loading models...
2026-05-16 01:04:38,538 - __main__ - INFO - Models loaded: 843 trees, 460 features
2026-05-16 01:04:38,538 - __main__ - INFO - Loading data...
2026-05-16 01:04:40,529 - __main__ - INFO - Data loaded: 87292 test samples
2026-05-16 01:04:40,701 - __main__ - INFO - Application started
2026-05-16 01:04:44,661 - __main__ - INFO - Application started
2026-05-16 01:04:44,699 - __main__ - INFO - Application started
2026-05-16 01:04:45,658 - __main__ - INFO - Application started
2026-05-16 01:04:45,706 - __main__ - INFO - Application started
2026-05-16 01:04:47,358 - __main__ - INFO - Application started
2026-05-16 01:04:47,408 - __main__ - INFO - Application started
2026-05-16 01:04:49,273 - __main__ - INFO - Application started
2026-05-16 01:04:50,075 - __main__ - INFO - Application started
2026-05-16 01:04:50,524 - __main__ - INFO - Application started
2026-05-16 01:04:50,823 - __main__ - INFO - Application started
2026-05-16 01:04:51,090 - __main__ - INFO - Application started
2026-05-16 01:04:51,375 - __main__ - INFO - Application started
2026-05-16 01:04:51,624 - __main__ - INFO - Application started
2026-05-16 01:04:51,822 - __main__ - INFO - Application started
2026-05-16 01:04:52,037 - __main__ - INFO - Application started
2026-05-16 01:04:52,291 - __main__ - INFO - Application started
2026-05-16 01:04:53,225 - __main__ - INFO - Application started
2026-05-16 01:04:53,277 - __main__ - INFO - Application started
2026-05-16 01:04:53,958 - __main__ - INFO - Application started
2026-05-16 01:04:54,017 - __main__ - INFO - Application started
2026-05-16 01:04:54,206 - __main__ - INFO - Application started
2026-05-16 01:04:54,254 - __main__ - INFO - Application started
2026-05-16 01:04:54,692 - __main__ - INFO - Application started
2026-05-16 01:04:54,737 - __main__ - INFO - Application started
2026-05-16 01:04:55,575 - __main__ - INFO - Application started
2026-05-16 01:04:55,622 - __main__ - INFO - Application started
2026-05-16 01:04:56,508 - __main__ - INFO - Application started
2026-05-16 01:04:56,567 - __main__ - INFO - Application started
2026-05-16 01:04:57,327 - __main__ - INFO - Application started
2026-05-16 01:04:57,371 - __main__ - INFO - Application started
2026-05-16 01:04:58,044 - __main__ - INFO - Application started
2026-05-16 01:04:58,093 - __main__ - INFO - Application started
2026-05-16 01:04:59,576 - __main__ - INFO - Application started
2026-05-16 01:05:00,375 - __main__ - INFO - Application started
2026-05-16 01:05:00,590 - __main__ - INFO - Application started
2026-05-16 01:05:00,807 - __main__ - INFO - Application started
2026-05-16 01:05:13,030 - __main__ - INFO - Application started
2026-05-16 01:05:15,790 - __main__ - INFO - Application started
2026-05-16 01:05:15,800 - __main__ - INFO - Scoring transaction 87000
2026-05-16 01:05:15,811 - __main__ - INFO - Score: 0.0016
2026-05-16 01:05:15,811 - __main__ - INFO - Decision: 🟢 APPROVE, Risk: LOW
2026-05-16 01:05:24,888 - __main__ - INFO - Application started
2026-05-16 01:05:26,392 - __main__ - INFO - Application started
2026-05-16 01:05:26,406 - __main__ - INFO - Scoring transaction 8700
2026-05-16 01:05:26,412 - __main__ - INFO - Score: 0.0011
2026-05-16 01:05:26,413 - __main__ - INFO - Decision: 🟢 APPROVE, Risk: LOW
2026-05-16 01:21:25,444 - __main__ - INFO - Loading models...
2026-05-16 01:21:26,003 - __main__ - INFO - Models loaded: 843 trees, 460 features
2026-05-16 01:21:26,004 - __main__ - INFO - Loading data...
2026-05-16 01:21:28,013 - __main__ - INFO - Data loaded: 87292 test samples
2026-05-16 01:21:28,233 - __main__ - INFO - Application started
2026-05-16 01:22:24,936 - __main__ - INFO - Application started
2026-05-16 01:22:27,802 - __main__ - INFO - Application started
2026-05-16 01:22:28,802 - __main__ - INFO - Application started
2026-05-16 01:22:30,436 - __main__ - INFO - Application started
2026-05-16 01:22:30,486 - __main__ - INFO - Application started
2026-05-16 01:22:31,603 - __main__ - INFO - Application started
2026-05-16 01:22:31,650 - __main__ - INFO - Application started
2026-05-16 01:22:32,384 - __main__ - INFO - Application started
2026-05-16 01:22:32,434 - __main__ - INFO - Application started
2026-05-16 01:22:33,200 - __main__ - INFO - Application started
2026-05-16 01:22:33,248 - __main__ - INFO - Application started
2026-05-16 01:22:34,817 - __main__ - INFO - Application started
2026-05-16 01:22:35,634 - __main__ - INFO - Application started
2026-05-16 01:22:36,469 - __main__ - INFO - Application started
2026-05-16 01:22:36,801 - __main__ - INFO - Application started
2026-05-16 01:22:36,995 - __main__ - INFO - Application started
2026-05-16 01:22:37,229 - __main__ - INFO - Application started
2026-05-16 01:22:37,444 - __main__ - INFO - Application started
2026-05-16 01:22:37,696 - __main__ - INFO - Application started
2026-05-16 01:22:38,034 - __main__ - INFO - Application started
2026-05-16 01:22:58,602 - __main__ - INFO - Application started
2026-05-16 01:22:58,800 - __main__ - INFO - Scoring transaction 11
2026-05-16 01:23:00,112 - __main__ - ERROR - Error scoring: 'all_transactions'
2026-05-16 01:28:34,869 - __main__ - INFO - Application started
2026-05-16 01:28:36,776 - __main__ - INFO - Application started
2026-05-16 01:28:36,889 - __main__ - INFO - Scoring transaction 0
2026-05-16 01:28:37,196 - __main__ - ERROR - Error scoring: 'FraudAssessment' object is not subscriptable
2026-05-16 01:32:06,507 - __main__ - INFO - Application started
2026-05-16 01:32:06,647 - __main__ - INFO - Scoring transaction 0
2026-05-16 01:32:06,953 - __main__ - INFO - Score: 0.0007
2026-05-16 01:32:06,953 - __main__ - INFO - Decision: 🟢 APPROVE, Risk: LOW
2026-05-16 01:32:12,324 - __main__ - INFO - Application started
2026-05-16 01:32:13,874 - __main__ - INFO - Application started
2026-05-16 01:32:15,125 - __main__ - INFO - Application started
2026-05-16 01:32:15,246 - __main__ - INFO - Scoring transaction 2
2026-05-16 01:32:15,551 - __main__ - INFO - Score: 0.0072
2026-05-16 01:32:15,551 - __main__ - INFO - Decision: 🟢 APPROVE, Risk: LOW
2026-05-16 01:32:22,258 - __main__ - INFO - Application started
2026-05-16 01:32:23,674 - __main__ - INFO - Application started
2026-05-16 01:32:23,865 - __main__ - INFO - Application started
2026-05-16 01:32:24,083 - __main__ - INFO - Application started
2026-05-16 01:32:24,406 - __main__ - INFO - Application started
2026-05-16 01:32:24,632 - __main__ - INFO - Application started
2026-05-16 01:32:24,867 - __main__ - INFO - Application started
2026-05-16 01:32:26,024 - __main__ - INFO - Application started
2026-05-16 01:32:26,150 - __main__ - INFO - Scoring transaction 9
2026-05-16 01:32:26,517 - __main__ - INFO - Score: 0.0037
2026-05-16 01:32:26,517 - __main__ - INFO - Decision: 🟢 APPROVE, Risk: LOW
2026-05-16 01:32:30,273 - __main__ - INFO - Application started
2026-05-16 01:32:30,344 - __main__ - INFO - Application started
2026-05-16 01:32:30,922 - __main__ - INFO - Application started
2026-05-16 01:32:30,991 - __main__ - INFO - Application started
2026-05-16 01:32:33,258 - __main__ - INFO - Application started
2026-05-16 01:32:33,333 - __main__ - INFO - Application started
2026-05-16 01:32:36,192 - __main__ - INFO - Application started
2026-05-16 01:32:36,260 - __main__ - INFO - Application started
2026-05-16 01:32:38,558 - __main__ - INFO - Application started
2026-05-16 01:32:38,628 - __main__ - INFO - Application started
2026-05-16 01:32:39,388 - __main__ - INFO - Application started
2026-05-16 01:32:39,456 - __main__ - INFO - Application started
2026-05-16 01:35:37,546 - __main__ - INFO - Application started
2026-05-16 01:35:39,989 - __main__ - INFO - Application started
2026-05-16 01:37:41,182 - __main__ - INFO - Application started
2026-05-16 01:40:13,575 - __main__ - INFO - Application started
2026-05-16 01:40:16,719 - __main__ - INFO - Application started
2026-05-16 01:41:48,864 - __main__ - INFO - Application started
2026-05-16 01:41:51,703 - __main__ - INFO - Application started
2026-05-16 01:41:51,770 - __main__ - INFO - Application started
2026-05-16 01:41:53,317 - __main__ - INFO - Application started
2026-05-16 01:41:53,387 - __main__ - INFO - Application started
2026-05-16 01:41:54,689 - __main__ - INFO - Application started
2026-05-16 01:41:54,758 - __main__ - INFO - Application started
2026-05-16 01:41:55,452 - __main__ - INFO - Application started
2026-05-16 01:41:55,522 - __main__ - INFO - Application started
2026-05-16 01:41:55,830 - __main__ - INFO - Application started
2026-05-16 01:41:55,889 - __main__ - INFO - Application started
2026-05-16 01:41:56,128 - __main__ - INFO - Application started
2026-05-16 01:41:56,182 - __main__ - INFO - Application started
2026-05-16 01:41:56,377 - __main__ - INFO - Application started
2026-05-16 01:41:56,427 - __main__ - INFO - Application started
2026-05-16 01:41:56,627 - __main__ - INFO - Application started
2026-05-16 01:41:56,681 - __main__ - INFO - Application started
2026-05-16 01:41:56,845 - __main__ - INFO - Application started
2026-05-16 01:41:56,894 - __main__ - INFO - Application started
2026-05-16 01:41:57,447 - __main__ - INFO - Application started
2026-05-16 01:41:57,509 - __main__ - INFO - Application started
2026-05-16 01:41:57,727 - __main__ - INFO - Application started
2026-05-16 01:41:57,777 - __main__ - INFO - Application started
2026-05-16 01:42:03,842 - __main__ - INFO - Application started
2026-05-16 01:43:11,358 - __main__ - INFO - Application started
2026-05-16 01:43:13,338 - __main__ - INFO - Application started
2026-05-16 01:43:13,406 - __main__ - INFO - Application started
2026-05-16 01:43:14,558 - __main__ - INFO - Application started
2026-05-16 01:43:14,626 - __main__ - INFO - Application started
2026-05-16 01:43:15,754 - __main__ - INFO - Application started
2026-05-16 01:43:15,889 - __main__ - INFO - Scoring transaction 71975
2026-05-16 01:43:16,233 - __main__ - INFO - Score: 0.0037
2026-05-16 01:43:16,233 - __main__ - INFO - Decision: 🟢 APPROVE, Risk: LOW
2026-05-16 01:43:18,540 - __main__ - INFO - Application started
2026-05-16 01:43:18,614 - __main__ - INFO - Application started
2026-05-16 01:43:20,825 - __main__ - INFO - Application started
2026-05-16 01:43:20,895 - __main__ - INFO - Application started
2026-05-16 01:43:21,592 - __main__ - INFO - Application started
2026-05-16 01:43:21,660 - __main__ - INFO - Application started
2026-05-16 01:43:22,438 - __main__ - INFO - Application started
2026-05-16 01:43:22,489 - __main__ - INFO - Application started
2026-05-16 01:43:23,191 - __main__ - INFO - Application started
2026-05-16 01:43:23,260 - __main__ - INFO - Application started
2026-05-16 01:43:23,894 - __main__ - INFO - Application started
2026-05-16 01:43:23,966 - __main__ - INFO - Application started
2026-05-16 01:43:24,942 - __main__ - INFO - Application started
2026-05-16 01:43:25,005 - __main__ - INFO - Application started
2026-05-16 01:43:25,663 - __main__ - INFO - Application started
2026-05-16 01:43:25,734 - __main__ - INFO - Application started
2026-05-16 01:43:26,446 - __main__ - INFO - Application started
2026-05-16 01:43:26,516 - __main__ - INFO - Application started
2026-05-16 01:43:27,248 - __main__ - INFO - Application started
2026-05-16 01:43:27,319 - __main__ - INFO - Application started
2026-05-16 01:43:28,081 - __main__ - INFO - Application started
2026-05-16 01:43:28,149 - __main__ - INFO - Application started
2026-05-16 01:43:28,862 - __main__ - INFO - Application started
2026-05-16 01:43:28,930 - __main__ - INFO - Application started
2026-05-16 01:43:29,610 - __main__ - INFO - Application started
2026-05-16 01:43:29,677 - __main__ - INFO - Application started
2026-05-16 01:43:30,349 - __main__ - INFO - Application started
2026-05-16 01:43:30,417 - __main__ - INFO - Application started
2026-05-16 01:43:31,062 - __main__ - INFO - Application started
2026-05-16 01:43:31,133 - __main__ - INFO - Application started
2026-05-16 01:43:31,831 - __main__ - INFO - Application started
2026-05-16 01:43:31,899 - __main__ - INFO - Application started
2026-05-16 01:43:32,477 - __main__ - INFO - Application started
2026-05-16 01:43:32,536 - __main__ - INFO - Application started
2026-05-16 01:43:33,163 - __main__ - INFO - Application started
2026-05-16 01:43:33,232 - __main__ - INFO - Application started
2026-05-16 01:43:33,930 - __main__ - INFO - Application started
2026-05-16 01:43:33,999 - __main__ - INFO - Application started
2026-05-16 01:43:34,579 - __main__ - INFO - Application started
2026-05-16 01:43:34,651 - __main__ - INFO - Application started
2026-05-16 01:43:35,213 - __main__ - INFO - Application started
2026-05-16 01:43:35,284 - __main__ - INFO - Application started
2026-05-16 01:43:35,947 - __main__ - INFO - Application started
2026-05-16 01:43:36,015 - __main__ - INFO - Application started
2026-05-16 01:43:36,561 - __main__ - INFO - Application started
2026-05-16 01:43:36,631 - __main__ - INFO - Application started
2026-05-16 01:43:37,231 - __main__ - INFO - Application started
2026-05-16 01:43:37,300 - __main__ - INFO - Application started
2026-05-16 01:43:37,895 - __main__ - INFO - Application started
2026-05-16 01:43:37,964 - __main__ - INFO - Application started
2026-05-16 01:43:38,428 - __main__ - INFO - Application started
2026-05-16 01:43:38,480 - __main__ - INFO - Application started
2026-05-16 01:43:38,656 - __main__ - INFO - Application started
2026-05-16 01:43:38,706 - __main__ - INFO - Application started
2026-05-16 01:43:38,907 - __main__ - INFO - Application started
2026-05-16 01:43:38,956 - __main__ - INFO - Application started
2026-05-16 01:43:39,139 - __main__ - INFO - Application started
2026-05-16 01:43:39,194 - __main__ - INFO - Application started
2026-05-16 01:43:39,897 - __main__ - INFO - Application started
2026-05-16 01:43:39,966 - __main__ - INFO - Application started
2026-05-16 01:43:40,629 - __main__ - INFO - Application started
2026-05-16 01:43:40,698 - __main__ - INFO - Application started
2026-05-16 01:43:41,246 - __main__ - INFO - Application started
2026-05-16 01:43:41,314 - __main__ - INFO - Application started
2026-05-16 01:43:41,748 - __main__ - INFO - Application started
2026-05-16 01:43:41,816 - __main__ - INFO - Application started
2026-05-16 01:43:42,314 - __main__ - INFO - Application started
2026-05-16 01:43:42,383 - __main__ - INFO - Application started
2026-05-16 01:43:42,762 - __main__ - INFO - Application started
2026-05-16 01:43:42,830 - __main__ - INFO - Application started
2026-05-16 01:43:43,181 - __main__ - INFO - Application started
2026-05-16 01:43:43,251 - __main__ - INFO - Application started
2026-05-16 01:43:43,563 - __main__ - INFO - Application started
2026-05-16 01:43:43,628 - __main__ - INFO - Application started
2026-05-16 01:43:43,910 - __main__ - INFO - Application started
2026-05-16 01:43:43,971 - __main__ - INFO - Application started
2026-05-16 01:43:44,261 - __main__ - INFO - Application started
2026-05-16 01:43:44,321 - __main__ - INFO - Application started
2026-05-16 01:43:44,612 - __main__ - INFO - Application started
2026-05-16 01:43:44,673 - __main__ - INFO - Application started
2026-05-16 01:43:45,013 - __main__ - INFO - Application started
2026-05-16 01:43:45,082 - __main__ - INFO - Application started
2026-05-16 01:43:45,343 - __main__ - INFO - Application started
2026-05-16 01:43:45,401 - __main__ - INFO - Application started
2026-05-16 01:43:45,624 - __main__ - INFO - Application started
2026-05-16 01:43:45,675 - __main__ - INFO - Application started
2026-05-16 01:43:45,962 - __main__ - INFO - Application started
2026-05-16 01:43:46,021 - __main__ - INFO - Application started
2026-05-16 01:43:46,246 - __main__ - INFO - Application started
2026-05-16 01:43:46,300 - __main__ - INFO - Application started
2026-05-16 01:43:46,524 - __main__ - INFO - Application started
2026-05-16 01:43:46,574 - __main__ - INFO - Application started
2026-05-16 01:43:46,757 - __main__ - INFO - Application started
2026-05-16 01:43:46,807 - __main__ - INFO - Application started
2026-05-16 01:43:46,974 - __main__ - INFO - Application started
2026-05-16 01:43:47,022 - __main__ - INFO - Application started
2026-05-16 01:43:47,175 - __main__ - INFO - Application started
2026-05-16 01:43:47,221 - __main__ - INFO - Application started
2026-05-16 01:43:47,352 - __main__ - INFO - Application started
2026-05-16 01:43:47,398 - __main__ - INFO - Application started
2026-05-16 01:43:47,573 - __main__ - INFO - Application started
2026-05-16 01:43:47,624 - __main__ - INFO - Application started
2026-05-16 01:43:47,947 - __main__ - INFO - Application started
2026-05-16 01:43:48,015 - __main__ - INFO - Application started
2026-05-16 01:43:48,312 - __main__ - INFO - Application started
2026-05-16 01:43:48,372 - __main__ - INFO - Application started
2026-05-16 01:43:48,540 - __main__ - INFO - Application started
2026-05-16 01:43:48,587 - __main__ - INFO - Application started
2026-05-16 01:43:48,756 - __main__ - INFO - Application started
2026-05-16 01:43:48,806 - __main__ - INFO - Application started
2026-05-16 01:43:48,975 - __main__ - INFO - Application started
2026-05-16 01:43:49,024 - __main__ - INFO - Application started
2026-05-16 01:43:49,174 - __main__ - INFO - Application started
2026-05-16 01:43:49,219 - __main__ - INFO - Application started
2026-05-16 01:43:49,390 - __main__ - INFO - Application started
2026-05-16 01:43:49,434 - __main__ - INFO - Application started
2026-05-16 01:43:49,607 - __main__ - INFO - Application started
2026-05-16 01:43:49,656 - __main__ - INFO - Application started
2026-05-16 01:43:49,807 - __main__ - INFO - Application started
2026-05-16 01:43:49,855 - __main__ - INFO - Application started
2026-05-16 01:43:50,024 - __main__ - INFO - Application started
2026-05-16 01:43:50,077 - __main__ - INFO - Application started
2026-05-16 01:43:50,257 - __main__ - INFO - Application started
2026-05-16 01:43:50,306 - __main__ - INFO - Application started
2026-05-16 01:43:50,490 - __main__ - INFO - Application started
2026-05-16 01:43:50,539 - __main__ - INFO - Application started
2026-05-16 01:43:50,706 - __main__ - INFO - Application started
2026-05-16 01:43:50,754 - __main__ - INFO - Application started
2026-05-16 01:43:50,907 - __main__ - INFO - Application started
2026-05-16 01:43:50,954 - __main__ - INFO - Application started
2026-05-16 01:43:51,100 - __main__ - INFO - Application started
2026-05-16 01:43:51,151 - __main__ - INFO - Application started
2026-05-16 01:43:51,292 - __main__ - INFO - Application started
2026-05-16 01:43:51,337 - __main__ - INFO - Application started
2026-05-16 01:43:51,541 - __main__ - INFO - Application started
2026-05-16 01:43:51,590 - __main__ - INFO - Application started
2026-05-16 01:43:51,774 - __main__ - INFO - Application started
2026-05-16 01:43:51,828 - __main__ - INFO - Application started
2026-05-16 01:43:52,008 - __main__ - INFO - Application started
2026-05-16 01:43:52,054 - __main__ - INFO - Application started
2026-05-16 01:43:52,224 - __main__ - INFO - Application started
2026-05-16 01:43:52,276 - __main__ - INFO - Application started
2026-05-16 01:43:52,427 - __main__ - INFO - Application started
2026-05-16 01:43:52,474 - __main__ - INFO - Application started
2026-05-16 01:43:52,629 - __main__ - INFO - Application started
2026-05-16 01:43:52,680 - __main__ - INFO - Application started
2026-05-16 01:43:52,825 - __main__ - INFO - Application started
2026-05-16 01:43:52,870 - __main__ - INFO - Application started
2026-05-16 01:43:53,058 - __main__ - INFO - Application started
2026-05-16 01:43:53,107 - __main__ - INFO - Application started
2026-05-16 01:43:53,548 - __main__ - INFO - Application started
2026-05-16 01:43:53,616 - __main__ - INFO - Application started
2026-05-16 01:43:53,780 - __main__ - INFO - Application started
2026-05-16 01:43:53,827 - __main__ - INFO - Application started
2026-05-16 01:43:53,983 - __main__ - INFO - Application started
2026-05-16 01:43:54,029 - __main__ - INFO - Application started
2026-05-16 01:43:54,190 - __main__ - INFO - Application started
2026-05-16 01:43:54,236 - __main__ - INFO - Application started
2026-05-16 01:43:54,390 - __main__ - INFO - Application started
2026-05-16 01:43:54,437 - __main__ - INFO - Application started
2026-05-16 01:43:54,608 - __main__ - INFO - Application started
2026-05-16 01:43:54,656 - __main__ - INFO - Application started
2026-05-16 01:43:54,841 - __main__ - INFO - Application started
2026-05-16 01:43:54,890 - __main__ - INFO - Application started
2026-05-16 01:43:55,050 - __main__ - INFO - Application started
2026-05-16 01:43:55,099 - __main__ - INFO - Application started
2026-05-16 01:43:56,694 - __main__ - INFO - Application started
2026-05-16 01:43:57,750 - __main__ - INFO - Application started
2026-05-16 01:43:57,817 - __main__ - INFO - Application started
2026-05-16 01:43:58,250 - __main__ - INFO - Application started
2026-05-16 01:43:58,320 - __main__ - INFO - Application started
2026-05-16 01:43:58,986 - __main__ - INFO - Application started
2026-05-16 01:43:59,054 - __main__ - INFO - Application started
2026-05-16 01:43:59,616 - __main__ - INFO - Application started
2026-05-16 01:43:59,685 - __main__ - INFO - Application started
2026-05-16 01:44:00,169 - __main__ - INFO - Application started
2026-05-16 01:44:00,238 - __main__ - INFO - Application started
2026-05-16 01:44:00,719 - __main__ - INFO - Application started
2026-05-16 01:44:00,786 - __main__ - INFO - Application started
2026-05-16 01:44:01,317 - __main__ - INFO - Application started
2026-05-16 01:44:01,386 - __main__ - INFO - Application started
2026-05-16 01:44:01,816 - __main__ - INFO - Application started
2026-05-16 01:44:01,883 - __main__ - INFO - Application started
2026-05-16 01:44:02,316 - __main__ - INFO - Application started
2026-05-16 01:44:02,384 - __main__ - INFO - Application started
2026-05-16 01:44:02,782 - __main__ - INFO - Application started
2026-05-16 01:44:02,851 - __main__ - INFO - Application started
2026-05-16 01:44:05,815 - __main__ - INFO - Application started
2026-05-16 01:44:05,883 - __main__ - INFO - Application started
2026-05-16 01:44:07,032 - __main__ - INFO - Application started
2026-05-16 01:44:07,102 - __main__ - INFO - Application started
2026-05-16 01:44:08,098 - __main__ - INFO - Application started
2026-05-16 01:44:08,166 - __main__ - INFO - Application started
2026-05-16 01:44:08,682 - __main__ - INFO - Application started
2026-05-16 01:44:08,752 - __main__ - INFO - Application started
2026-05-16 01:44:09,046 - __main__ - INFO - Application started
2026-05-16 01:44:09,106 - __main__ - INFO - Application started
2026-05-16 01:44:09,449 - __main__ - INFO - Application started
2026-05-16 01:44:09,518 - __main__ - INFO - Application started
2026-05-16 01:44:09,865 - __main__ - INFO - Application started
2026-05-16 01:44:09,933 - __main__ - INFO - Application started
2026-05-16 01:44:10,211 - __main__ - INFO - Application started
2026-05-16 01:44:10,266 - __main__ - INFO - Application started
2026-05-16 01:44:10,666 - __main__ - INFO - Application started
2026-05-16 01:44:10,735 - __main__ - INFO - Application started
2026-05-16 01:44:11,350 - __main__ - INFO - Application started
2026-05-16 01:44:11,419 - __main__ - INFO - Application started
2026-05-16 01:44:11,731 - __main__ - INFO - Application started
2026-05-16 01:44:11,793 - __main__ - INFO - Application started
2026-05-16 01:44:12,097 - __main__ - INFO - Application started
2026-05-16 01:44:12,157 - __main__ - INFO - Application started
2026-05-16 01:44:12,565 - __main__ - INFO - Application started
2026-05-16 01:44:12,628 - __main__ - INFO - Application started
2026-05-16 01:44:13,431 - __main__ - INFO - Application started
2026-05-16 01:44:13,502 - __main__ - INFO - Application started
2026-05-16 01:44:13,848 - __main__ - INFO - Application started
2026-05-16 01:44:13,918 - __main__ - INFO - Application started
2026-05-16 01:44:14,069 - __main__ - INFO - Application started
2026-05-16 01:44:14,116 - __main__ - INFO - Application started
2026-05-16 01:44:14,262 - __main__ - INFO - Application started
2026-05-16 01:44:14,308 - __main__ - INFO - Application started
2026-05-16 01:44:14,447 - __main__ - INFO - Application started
2026-05-16 01:44:14,494 - __main__ - INFO - Application started
2026-05-16 01:44:14,657 - __main__ - INFO - Application started
2026-05-16 01:44:14,705 - __main__ - INFO - Application started
2026-05-16 01:44:15,216 - __main__ - INFO - Application started
2026-05-16 01:44:15,287 - __main__ - INFO - Application started
2026-05-16 01:44:15,783 - __main__ - INFO - Application started
2026-05-16 01:44:15,853 - __main__ - INFO - Application started
2026-05-16 01:44:16,331 - __main__ - INFO - Application started
2026-05-16 01:44:16,400 - __main__ - INFO - Application started
2026-05-16 01:44:16,780 - __main__ - INFO - Application started
2026-05-16 01:44:16,848 - __main__ - INFO - Application started
2026-05-16 01:44:17,127 - __main__ - INFO - Application started
2026-05-16 01:44:17,183 - __main__ - INFO - Application started
2026-05-16 01:44:17,341 - __main__ - INFO - Application started
2026-05-16 01:44:17,389 - __main__ - INFO - Application started
2026-05-16 01:44:17,592 - __main__ - INFO - Application started
2026-05-16 01:44:17,640 - __main__ - INFO - Application started
2026-05-16 01:44:17,841 - __main__ - INFO - Application started
2026-05-16 01:44:17,894 - __main__ - INFO - Application started
2026-05-16 01:44:18,092 - __main__ - INFO - Application started
2026-05-16 01:44:18,141 - __main__ - INFO - Application started
2026-05-16 01:44:18,296 - __main__ - INFO - Application started
2026-05-16 01:44:18,344 - __main__ - INFO - Application started
2026-05-16 01:44:18,479 - __main__ - INFO - Application started
2026-05-16 01:44:18,523 - __main__ - INFO - Application started
2026-05-16 01:44:18,664 - __main__ - INFO - Application started
2026-05-16 01:44:18,709 - __main__ - INFO - Application started
2026-05-16 01:44:18,853 - __main__ - INFO - Application started
2026-05-16 01:44:18,899 - __main__ - INFO - Application started
2026-05-16 01:44:19,038 - __main__ - INFO - Application started
2026-05-16 01:44:19,085 - __main__ - INFO - Application started
2026-05-16 01:44:19,175 - __main__ - INFO - Application started
2026-05-16 01:44:19,266 - __main__ - INFO - Application started
2026-05-16 01:44:19,442 - __main__ - INFO - Application started
2026-05-16 01:44:19,492 - __main__ - INFO - Application started
2026-05-16 01:44:19,658 - __main__ - INFO - Application started
2026-05-16 01:44:19,706 - __main__ - INFO - Application started
2026-05-16 01:44:19,961 - __main__ - INFO - Application started
2026-05-16 01:44:20,018 - __main__ - INFO - Application started
2026-05-16 01:44:20,243 - __main__ - INFO - Application started
2026-05-16 01:44:20,293 - __main__ - INFO - Application started
2026-05-16 01:44:20,560 - __main__ - INFO - Application started
2026-05-16 01:44:20,620 - __main__ - INFO - Application started
2026-05-16 01:44:20,895 - __main__ - INFO - Application started
2026-05-16 01:44:20,952 - __main__ - INFO - Application started
2026-05-16 01:44:21,314 - __main__ - INFO - Application started
2026-05-16 01:44:21,382 - __main__ - INFO - Application started
2026-05-16 01:44:21,610 - __main__ - INFO - Application started
2026-05-16 01:44:21,660 - __main__ - INFO - Application started
2026-05-16 01:44:21,964 - __main__ - INFO - Application started
2026-05-16 01:44:22,026 - __main__ - INFO - Application started
2026-05-16 01:44:22,241 - __main__ - INFO - Application started
2026-05-16 01:44:22,291 - __main__ - INFO - Application started
2026-05-16 01:44:22,527 - __main__ - INFO - Application started
2026-05-16 01:44:22,575 - __main__ - INFO - Application started
2026-05-16 01:44:22,735 - __main__ - INFO - Application started
2026-05-16 01:44:22,782 - __main__ - INFO - Application started
2026-05-16 01:44:22,921 - __main__ - INFO - Application started
2026-05-16 01:44:22,968 - __main__ - INFO - Application started
2026-05-16 01:44:23,109 - __main__ - INFO - Application started
2026-05-16 01:44:23,154 - __main__ - INFO - Application started
2026-05-16 01:44:23,295 - __main__ - INFO - Application started
2026-05-16 01:44:23,341 - __main__ - INFO - Application started
2026-05-16 01:44:23,508 - __main__ - INFO - Application started
2026-05-16 01:44:23,555 - __main__ - INFO - Application started
2026-05-16 01:44:23,709 - __main__ - INFO - Application started
2026-05-16 01:44:23,756 - __main__ - INFO - Application started
2026-05-16 01:44:23,911 - __main__ - INFO - Application started
2026-05-16 01:44:23,957 - __main__ - INFO - Application started
2026-05-16 01:44:24,124 - __main__ - INFO - Application started
2026-05-16 01:44:24,174 - __main__ - INFO - Application started
2026-05-16 01:44:24,358 - __main__ - INFO - Application started
2026-05-16 01:44:24,406 - __main__ - INFO - Application started
2026-05-16 01:44:24,575 - __main__ - INFO - Application started
2026-05-16 01:44:24,624 - __main__ - INFO - Application started
2026-05-16 01:44:24,791 - __main__ - INFO - Application started
2026-05-16 01:44:24,838 - __main__ - INFO - Application started
2026-05-16 01:44:24,975 - __main__ - INFO - Application started
2026-05-16 01:44:25,019 - __main__ - INFO - Application started
2026-05-16 01:44:25,158 - __main__ - INFO - Application started
2026-05-16 01:44:25,204 - __main__ - INFO - Application started
2026-05-16 01:44:25,343 - __main__ - INFO - Application started
2026-05-16 01:44:25,388 - __main__ - INFO - Application started
2026-05-16 01:44:25,527 - __main__ - INFO - Application started
2026-05-16 01:44:25,572 - __main__ - INFO - Application started
2026-05-16 01:44:25,711 - __main__ - INFO - Application started
2026-05-16 01:44:25,757 - __main__ - INFO - Application started
2026-05-16 01:44:25,842 - __main__ - INFO - Application started
2026-05-16 01:44:25,938 - __main__ - INFO - Application started
2026-05-16 01:44:25,993 - __main__ - INFO - Application started
2026-05-16 01:44:26,044 - __main__ - INFO - Application started
2026-05-16 01:44:27,677 - __main__ - INFO - Application started
2026-05-16 01:44:29,132 - __main__ - INFO - Application started
2026-05-16 01:44:29,201 - __main__ - INFO - Application started
2026-05-16 01:44:30,087 - __main__ - INFO - Application started
2026-05-16 01:44:30,157 - __main__ - INFO - Application started
2026-05-16 01:44:30,950 - __main__ - INFO - Application started
2026-05-16 01:44:31,016 - __main__ - INFO - Application started
2026-05-16 01:44:32,148 - __main__ - INFO - Application started
2026-05-16 01:44:32,213 - __main__ - INFO - Application started
2026-05-16 01:44:32,881 - __main__ - INFO - Application started
2026-05-16 01:44:32,951 - __main__ - INFO - Application started
2026-05-16 01:44:33,564 - __main__ - INFO - Application started
2026-05-16 01:44:33,636 - __main__ - INFO - Application started
2026-05-16 01:44:38,784 - __main__ - INFO - Application started
2026-05-16 01:44:42,919 - __main__ - INFO - Application started
2026-05-16 01:44:43,032 - __main__ - INFO - Scoring transaction 51055
2026-05-16 01:44:43,362 - __main__ - INFO - Score: 0.0037
2026-05-16 01:44:43,362 - __main__ - INFO - Decision: 🟢 APPROVE, Risk: LOW
2026-05-16 01:44:59,523 - __main__ - INFO - Application started
2026-05-16 01:45:05,682 - __main__ - INFO - Application started
2026-05-16 01:45:08,785 - __main__ - INFO - Application started
2026-05-16 01:45:08,908 - __main__ - INFO - Scoring transaction 51055
2026-05-16 01:45:09,233 - __main__ - INFO - Score: 0.0037
2026-05-16 01:45:09,233 - __main__ - INFO - Decision: 🟢 APPROVE, Risk: LOW
2026-05-16 01:46:22,784 - __main__ - INFO - Application started
2026-05-16 01:46:29,220 - __main__ - INFO - Application started
2026-05-16 01:46:50,720 - __main__ - INFO - Application started
2026-05-16 01:48:02,101 - __main__ - INFO - Application started
2026-05-16 01:48:02,253 - __main__ - INFO - Scoring transaction 51055
2026-05-16 01:48:02,569 - __main__ - INFO - Score: 0.0037
2026-05-16 01:48:02,569 - __main__ - INFO - Decision: 🟢 APPROVE, Risk: LOW
2026-05-16 01:50:43,815 - __main__ - INFO - Application started
2026-05-16 01:50:47,018 - __main__ - INFO - Application started
2026-05-16 01:50:47,136 - __main__ - INFO - Scoring transaction 0
2026-05-16 01:50:47,446 - __main__ - INFO - Score: 0.0007
2026-05-16 01:50:47,446 - __main__ - INFO - Decision: SOFT_DECLINE, Risk: HIGH
2026-05-16 01:50:51,534 - __main__ - INFO - Application started
2026-05-16 01:50:51,678 - __main__ - INFO - Scoring transaction 0
2026-05-16 01:50:51,979 - __main__ - INFO - Score: 0.0007
2026-05-16 01:50:51,980 - __main__ - INFO - Decision: SOFT_DECLINE, Risk: HIGH
2026-05-16 01:50:52,815 - __main__ - INFO - Application started
2026-05-16 01:50:52,935 - __main__ - INFO - Scoring transaction 0
2026-05-16 01:50:53,242 - __main__ - INFO - Score: 0.0007
2026-05-16 01:50:53,242 - __main__ - INFO - Decision: SOFT_DECLINE, Risk: HIGH
2026-05-16 01:50:53,634 - __main__ - INFO - Application started
2026-05-16 01:50:53,763 - __main__ - INFO - Scoring transaction 0
2026-05-16 01:50:54,062 - __main__ - INFO - Application started
2026-05-16 01:50:54,101 - __main__ - INFO - Score: 0.0007
2026-05-16 01:50:54,213 - __main__ - INFO - Scoring transaction 0
2026-05-16 01:50:54,526 - __main__ - INFO - Score: 0.0007
2026-05-16 01:50:54,526 - __main__ - INFO - Decision: SOFT_DECLINE, Risk: HIGH
2026-05-16 01:51:04,949 - __main__ - INFO - Application started
2026-05-16 01:51:05,162 - __main__ - INFO - Application started
2026-05-16 01:51:05,255 - __main__ - INFO - Scoring transaction 51055
2026-05-16 01:51:05,590 - __main__ - INFO - Score: 0.0037
2026-05-16 01:51:05,590 - __main__ - INFO - Decision: SOFT_DECLINE, Risk: HIGH
2026-05-16 01:51:08,849 - __main__ - INFO - Application started
2026-05-16 01:51:08,974 - __main__ - INFO - Scoring transaction 51055
2026-05-16 01:51:09,299 - __main__ - INFO - Score: 0.0037
2026-05-16 01:51:09,300 - __main__ - INFO - Decision: SOFT_DECLINE, Risk: HIGH
2026-05-16 01:51:09,919 - __main__ - INFO - Application started
2026-05-16 01:51:10,060 - __main__ - INFO - Scoring transaction 51055
2026-05-16 01:51:10,382 - __main__ - INFO - Score: 0.0037
2026-05-16 01:51:10,383 - __main__ - INFO - Decision: SOFT_DECLINE, Risk: HIGH
2026-05-16 02:05:26,178 - __main__ - INFO - Application started
2026-05-16 02:05:34,631 - __main__ - INFO - Application started
2026-05-16 02:05:38,862 - __main__ - INFO - Application started
2026-05-16 02:05:41,141 - __main__ - INFO - Application started
2026-05-16 02:05:41,212 - __main__ - INFO - Application started
2026-05-16 02:05:41,760 - __main__ - INFO - Application started
2026-05-16 02:05:41,830 - __main__ - INFO - Application started
2026-05-16 02:05:42,926 - __main__ - INFO - Application started
2026-05-16 02:05:43,044 - __main__ - INFO - Scoring transaction 24110
2026-05-16 02:05:43,360 - __main__ - INFO - Score: 0.0072
2026-05-16 02:05:43,360 - __main__ - INFO - Decision: SOFT_DECLINE, Risk: HIGH
2026-05-16 02:08:21,291 - __main__ - INFO - Application started
2026-05-16 02:08:21,446 - __main__ - INFO - Scoring transaction 24110
2026-05-16 02:08:21,759 - __main__ - INFO - Score: 0.0072
2026-05-16 02:08:21,759 - __main__ - INFO - Decision: SOFT_DECLINE, Risk: HIGH
2026-05-16 02:09:53,025 - __main__ - INFO - Application started
2026-05-16 02:09:53,176 - __main__ - INFO - Scoring transaction 24110
2026-05-16 02:09:53,484 - __main__ - INFO - Score: 0.0072
2026-05-16 02:09:53,485 - __main__ - INFO - Decision: SOFT_DECLINE, Risk: HIGH
2026-05-16 02:09:56,441 - __main__ - INFO - Application started
2026-05-16 02:09:56,508 - __main__ - INFO - Application started
2026-05-16 02:09:57,309 - __main__ - INFO - Application started
2026-05-16 02:09:57,378 - __main__ - INFO - Application started
2026-05-16 02:09:58,624 - __main__ - INFO - Application started
2026-05-16 02:09:58,739 - __main__ - INFO - Scoring transaction 37464
2026-05-16 02:09:59,050 - __main__ - INFO - Score: 0.0186
2026-05-16 02:09:59,050 - __main__ - INFO - Decision: SOFT_DECLINE, Risk: HIGH
2026-05-16 03:03:03,989 - __main__ - INFO - Application started
2026-05-16 03:03:07,119 - __main__ - INFO - Application started
2026-05-16 03:03:07,258 - __main__ - INFO - Scoring transaction 0
2026-05-16 03:03:07,570 - __main__ - INFO - Score: 0.0007, agent decision=SOFT_DECLINE, normalized=🟡 SOFT_DECLINE
2026-05-16 03:03:07,570 - __main__ - INFO - Decision: SOFT_DECLINE, Risk: HIGH
2026-05-16 03:03:32,204 - __main__ - INFO - Application started
2026-05-16 03:03:32,271 - __main__ - INFO - Application started
2026-05-16 03:03:33,568 - __main__ - INFO - Application started
2026-05-16 03:03:33,690 - __main__ - INFO - Scoring transaction 10921
2026-05-16 03:03:33,999 - __main__ - INFO - Score: 0.0010, agent decision=SOFT_DECLINE, normalized=🟡 SOFT_DECLINE
2026-05-16 03:03:33,999 - __main__ - INFO - Decision: SOFT_DECLINE, Risk: HIGH
2026-05-16 03:03:37,002 - __main__ - INFO - Application started
2026-05-16 03:03:37,069 - __main__ - INFO - Application started
2026-05-16 03:03:38,784 - __main__ - INFO - Application started
2026-05-16 03:03:38,912 - __main__ - INFO - Scoring transaction 3753
2026-05-16 03:03:39,289 - __main__ - INFO - Score: 0.0072, agent decision=SOFT_DECLINE, normalized=🟡 SOFT_DECLINE
2026-05-16 03:03:39,289 - __main__ - INFO - Decision: SOFT_DECLINE, Risk: HIGH
2026-05-16 03:03:44,116 - __main__ - INFO - Application started
2026-05-16 03:03:52,065 - __main__ - INFO - Application started
2026-05-16 03:03:58,244 - __main__ - INFO - Application started
2026-05-16 03:04:00,935 - __main__ - INFO - Application started
2026-05-16 03:04:01,076 - __main__ - INFO - Scoring transaction 51055
2026-05-16 03:04:01,394 - __main__ - INFO - Score: 0.0037, agent decision=SOFT_DECLINE, normalized=🟡 SOFT_DECLINE
2026-05-16 03:04:01,394 - __main__ - INFO - Decision: SOFT_DECLINE, Risk: HIGH
2026-05-16 03:04:18,768 - __main__ - INFO - Application started
2026-05-16 03:04:18,837 - __main__ - INFO - Application started
2026-05-16 03:04:20,268 - __main__ - INFO - Application started
2026-05-16 03:04:20,386 - __main__ - INFO - Scoring transaction 59320
2026-05-16 03:04:20,701 - __main__ - INFO - Score: 0.0507, agent decision=SOFT_DECLINE, normalized=🟡 SOFT_DECLINE
2026-05-16 03:04:20,701 - __main__ - INFO - Decision: SOFT_DECLINE, Risk: HIGH
2026-05-16 03:04:21,585 - __main__ - INFO - Application started
2026-05-16 03:04:21,719 - __main__ - INFO - Scoring transaction 59320
2026-05-16 03:04:22,035 - __main__ - INFO - Score: 0.0507, agent decision=SOFT_DECLINE, normalized=🟡 SOFT_DECLINE
2026-05-16 03:04:22,035 - __main__ - INFO - Decision: SOFT_DECLINE, Risk: HIGH
2026-05-16 03:04:22,704 - __main__ - INFO - Application started
2026-05-16 03:04:22,830 - __main__ - INFO - Scoring transaction 59320
2026-05-16 03:04:23,142 - __main__ - INFO - Score: 0.0507, agent decision=SOFT_DECLINE, normalized=🟡 SOFT_DECLINE
2026-05-16 03:04:23,142 - __main__ - INFO - Decision: SOFT_DECLINE, Risk: HIGH
2026-05-16 03:04:23,293 - __main__ - INFO - Application started
2026-05-16 03:04:23,394 - __main__ - INFO - Scoring transaction 59320
2026-05-16 03:04:23,690 - __main__ - INFO - Application started
2026-05-16 03:04:23,757 - __main__ - INFO - Score: 0.0507, agent decision=SOFT_DECLINE, normalized=🟡 SOFT_DECLINE
2026-05-16 03:04:23,856 - __main__ - INFO - Scoring transaction 59320
2026-05-16 03:04:23,882 - __main__ - INFO - Application started
2026-05-16 03:04:23,995 - __main__ - INFO - Scoring transaction 59320
2026-05-16 03:04:24,206 - __main__ - INFO - Application started
2026-05-16 03:04:24,402 - __main__ - INFO - Application started
2026-05-16 03:04:24,426 - __main__ - INFO - Score: 0.0507, agent decision=SOFT_DECLINE, normalized=🟡 SOFT_DECLINE
2026-05-16 03:04:24,605 - __main__ - INFO - Scoring transaction 59320
2026-05-16 03:04:24,635 - __main__ - INFO - Score: 0.0507, agent decision=SOFT_DECLINE, normalized=🟡 SOFT_DECLINE
2026-05-16 03:04:24,983 - __main__ - INFO - Score: 0.0507, agent decision=SOFT_DECLINE, normalized=🟡 SOFT_DECLINE
2026-05-16 03:04:24,983 - __main__ - INFO - Decision: SOFT_DECLINE, Risk: HIGH
2026-05-16 03:04:25,042 - __main__ - INFO - Application started
2026-05-16 03:04:25,136 - __main__ - INFO - Scoring transaction 59320
2026-05-16 03:04:25,466 - __main__ - INFO - Score: 0.0507, agent decision=SOFT_DECLINE, normalized=🟡 SOFT_DECLINE
2026-05-16 03:04:25,466 - __main__ - INFO - Decision: SOFT_DECLINE, Risk: HIGH
2026-05-16 03:04:25,883 - __main__ - INFO - Application started
2026-05-16 03:04:25,994 - __main__ - INFO - Scoring transaction 59320
2026-05-16 03:04:26,318 - __main__ - INFO - Score: 0.0507, agent decision=SOFT_DECLINE, normalized=🟡 SOFT_DECLINE
2026-05-16 03:04:26,318 - __main__ - INFO - Decision: SOFT_DECLINE, Risk: HIGH
2026-05-16 03:06:41,538 - __main__ - INFO - Application started
2026-05-16 03:07:08,917 - __main__ - INFO - Application started
2026-05-16 03:07:29,113 - __main__ - INFO - Application started
2026-05-16 03:07:32,196 - __main__ - INFO - Application started
2026-05-16 03:07:32,272 - __main__ - INFO - Application started
2026-05-16 03:07:33,249 - __main__ - INFO - Application started
2026-05-16 03:07:33,368 - __main__ - INFO - Scoring transaction 41786
2026-05-16 03:07:33,668 - __main__ - INFO - Score: 0.0037, agent decision=SOFT_DECLINE, normalized=🟡 SOFT_DECLINE
2026-05-16 03:07:33,668 - __main__ - INFO - Decision: SOFT_DECLINE, Risk: HIGH
2026-05-16 03:07:37,670 - __main__ - INFO - Application started
2026-05-16 03:09:28,699 - __main__ - INFO - Application started
2026-05-16 03:09:31,603 - __main__ - INFO - Application started
2026-05-16 03:09:33,867 - __main__ - INFO - Application started
2026-05-16 03:09:34,016 - __main__ - INFO - Scoring transaction 41786
2026-05-16 03:09:34,314 - __main__ - INFO - Score: 0.0037, agent decision=SOFT_DECLINE, normalized=🟡 SOFT_DECLINE
2026-05-16 03:09:34,314 - __main__ - INFO - Decision: SOFT_DECLINE, Risk: HIGH
2026-05-16 03:09:37,982 - __main__ - INFO - Application started
2026-05-16 03:09:39,234 - __main__ - INFO - Application started
2026-05-16 03:09:40,510 - __main__ - INFO - Application started
2026-05-16 03:09:43,081 - __main__ - INFO - Application started
2026-05-16 03:09:43,202 - __main__ - INFO - Scoring transaction 41786
2026-05-16 03:09:43,503 - __main__ - INFO - Score: 0.0037, agent decision=SOFT_DECLINE, normalized=🟡 SOFT_DECLINE
2026-05-16 03:09:43,503 - __main__ - INFO - Decision: SOFT_DECLINE, Risk: HIGH
2026-05-16 03:13:22,819 - __main__ - INFO - Application started
2026-05-16 03:13:24,299 - __main__ - INFO - Application started
2026-05-16 03:13:24,437 - __main__ - INFO - Scoring transaction 41786
2026-05-16 03:13:24,744 - __main__ - INFO - Decision: SOFT_DECLINE, Risk: HIGH
2026-05-16 03:13:28,782 - __main__ - INFO - Application started
2026-05-16 03:13:30,047 - __main__ - INFO - Application started
2026-05-16 03:13:30,172 - __main__ - INFO - Scoring transaction 41786
2026-05-16 03:13:30,473 - __main__ - INFO - Decision: SOFT_DECLINE, Risk: HIGH
2026-05-16 03:13:53,350 - __main__ - INFO - Application started
2026-05-16 03:13:54,781 - __main__ - INFO - Application started
2026-05-16 03:13:54,905 - __main__ - INFO - Scoring transaction 41786
2026-05-16 03:13:55,204 - __main__ - INFO - Decision: SOFT_DECLINE, Risk: HIGH
2026-05-16 03:14:56,174 - __main__ - INFO - Application started
2026-05-16 03:14:58,015 - __main__ - INFO - Application started
2026-05-16 03:14:58,138 - __main__ - INFO - Scoring transaction 0
2026-05-16 03:14:58,446 - __main__ - INFO - Decision: 🟡 SOFT_DECLINE, Risk: HIGH
2026-05-16 03:15:05,533 - __main__ - INFO - Application started
2026-05-16 03:15:07,030 - __main__ - INFO - Application started
2026-05-16 03:15:07,143 - __main__ - INFO - Scoring transaction 0
2026-05-16 03:15:07,447 - __main__ - INFO - Decision: 🟡 SOFT_DECLINE, Risk: HIGH
2026-05-16 03:15:29,948 - __main__ - INFO - Application started
2026-05-16 03:15:31,231 - __main__ - INFO - Application started
2026-05-16 03:15:31,348 - __main__ - INFO - Scoring transaction 0
2026-05-16 03:15:31,652 - __main__ - INFO - Decision: 🟡 SOFT_DECLINE, Risk: HIGH
2026-05-16 03:15:47,914 - __main__ - INFO - Application started
2026-05-16 03:15:49,195 - __main__ - INFO - Application started
2026-05-16 03:15:49,309 - __main__ - INFO - Scoring transaction 0
2026-05-16 03:15:49,608 - __main__ - INFO - Decision: 🟡 SOFT_DECLINE, Risk: HIGH
2026-05-16 03:15:53,148 - __main__ - INFO - Application started
2026-05-16 03:15:55,366 - __main__ - INFO - Application started
2026-05-16 03:15:57,197 - __main__ - INFO - Application started
2026-05-16 03:15:58,031 - __main__ - INFO - Application started
2026-05-16 03:15:58,148 - __main__ - INFO - Scoring transaction 0
2026-05-16 03:15:58,450 - __main__ - INFO - Decision: 🟡 SOFT_DECLINE, Risk: HIGH
2026-05-16 03:16:36,146 - __main__ - INFO - Application started
2026-05-16 03:16:38,265 - __main__ - INFO - Application started
2026-05-16 03:16:38,390 - __main__ - INFO - Scoring transaction 0
2026-05-16 03:16:38,694 - __main__ - INFO - Decision: 🟡 SOFT_DECLINE, Risk: HIGH
2026-05-16 03:17:37,704 - __main__ - INFO - Application started
2026-05-16 03:17:39,634 - __main__ - INFO - Application started
2026-05-16 03:17:39,776 - __main__ - INFO - Scoring transaction 0
2026-05-16 03:17:40,083 - __main__ - INFO - Decision: 🟡 SOFT_DECLINE, Risk: HIGH
2026-05-16 03:17:40,793 - __main__ - INFO - Application started
2026-05-16 03:17:40,900 - __main__ - INFO - Scoring transaction 0
2026-05-16 03:17:41,208 - __main__ - INFO - Decision: 🟡 SOFT_DECLINE, Risk: HIGH
2026-05-16 03:17:45,696 - __main__ - INFO - Application started
2026-05-16 03:17:45,769 - __main__ - INFO - Application started
2026-05-16 03:17:47,461 - __main__ - INFO - Application started
2026-05-16 03:17:47,600 - __main__ - INFO - Scoring transaction 49297
2026-05-16 03:17:47,945 - __main__ - INFO - Decision: 🟡 SOFT_DECLINE, Risk: HIGH
2026-05-16 03:18:07,483 - __main__ - INFO - Application started
2026-05-16 03:18:21,049 - __main__ - INFO - Application started
2026-05-16 03:18:22,285 - __main__ - INFO - Application started
2026-05-16 03:18:26,683 - __main__ - INFO - Application started
2026-05-16 03:18:31,645 - __main__ - INFO - Application started
2026-05-16 03:18:44,967 - __main__ - INFO - Application started
2026-05-16 03:22:07,349 - __main__ - INFO - Application started
2026-05-16 03:22:07,465 - __main__ - INFO - Scoring transaction 49297
2026-05-16 03:22:07,787 - __main__ - INFO - Decision: 🟡 SOFT_DECLINE, Risk: HIGH
2026-05-16 03:22:08,914 - __main__ - INFO - Application started
2026-05-16 03:22:09,058 - __main__ - INFO - Scoring transaction 49297
2026-05-16 03:22:09,351 - __main__ - INFO - Application started
2026-05-16 03:22:09,530 - __main__ - INFO - Scoring transaction 49297
2026-05-16 03:22:09,605 - __main__ - INFO - Application started
2026-05-16 03:22:09,712 - __main__ - INFO - Scoring transaction 49297
2026-05-16 03:22:09,847 - __main__ - INFO - Application started
2026-05-16 03:22:10,040 - __main__ - INFO - Application started
2026-05-16 03:22:10,351 - __main__ - INFO - Scoring transaction 49297
2026-05-16 03:22:10,685 - __main__ - INFO - Decision: 🟡 SOFT_DECLINE, Risk: HIGH
2026-05-16 03:22:17,945 - __main__ - INFO - Application started
2026-05-16 03:22:18,059 - __main__ - INFO - Scoring transaction 49297
2026-05-16 03:22:18,376 - __main__ - INFO - Decision: 🟡 SOFT_DECLINE, Risk: HIGH
2026-05-16 03:22:18,481 - __main__ - INFO - Application started
2026-05-16 03:22:18,562 - __main__ - INFO - Scoring transaction 49297
2026-05-16 03:22:18,671 - __main__ - INFO - Application started
2026-05-16 03:22:18,873 - __main__ - INFO - Scoring transaction 49297
2026-05-16 03:22:18,926 - __main__ - INFO - Application started
2026-05-16 03:22:19,066 - __main__ - INFO - Scoring transaction 49297
2026-05-16 03:22:19,406 - __main__ - INFO - Decision: 🟡 SOFT_DECLINE, Risk: HIGH
2026-05-16 03:22:22,170 - __main__ - INFO - Application started
2026-05-16 03:22:35,393 - __main__ - INFO - Application started
2026-05-16 03:22:35,678 - __main__ - INFO - Scoring transaction 0
2026-05-16 03:22:35,804 - __main__ - INFO - Application started
2026-05-16 03:22:36,110 - __main__ - INFO - Scoring transaction 0
2026-05-16 03:22:36,222 - __main__ - INFO - Application started
2026-05-16 03:22:36,492 - __main__ - INFO - Scoring transaction 0
2026-05-16 03:22:36,639 - __main__ - INFO - Application started
2026-05-16 03:22:36,889 - __main__ - INFO - Scoring transaction 0
2026-05-16 03:22:36,916 - __main__ - INFO - Application started
2026-05-16 03:22:37,009 - __main__ - INFO - Scoring transaction 0
2026-05-16 03:22:37,389 - __main__ - INFO - Decision: 🟡 SOFT_DECLINE, Risk: HIGH
2026-05-16 03:22:38,975 - __main__ - INFO - Application started
2026-05-16 03:22:39,136 - __main__ - INFO - Scoring transaction 0
2026-05-16 03:22:39,462 - __main__ - INFO - Decision: 🟡 SOFT_DECLINE, Risk: HIGH
2026-05-16 03:22:40,046 - __main__ - INFO - Application started
2026-05-16 03:22:40,114 - __main__ - INFO - Application started
2026-05-16 03:22:41,245 - __main__ - INFO - Application started
2026-05-16 03:22:41,371 - __main__ - INFO - Scoring transaction 7917
2026-05-16 03:22:41,728 - __main__ - INFO - Decision: 🟡 SOFT_DECLINE, Risk: HIGH
2026-05-16 03:22:42,297 - __main__ - INFO - Application started
2026-05-16 03:22:42,369 - __main__ - INFO - Application started
2026-05-16 03:22:43,230 - __main__ - INFO - Application started
2026-05-16 03:22:43,356 - __main__ - INFO - Scoring transaction 60289
2026-05-16 03:22:43,688 - __main__ - INFO - Decision: 🟡 SOFT_DECLINE, Risk: HIGH
2026-05-16 03:22:44,332 - __main__ - INFO - Application started
2026-05-16 03:22:44,401 - __main__ - INFO - Application started
2026-05-16 03:22:45,245 - __main__ - INFO - Application started
2026-05-16 03:22:45,381 - __main__ - INFO - Scoring transaction 8743
2026-05-16 03:22:45,706 - __main__ - INFO - Decision: 🟡 SOFT_DECLINE, Risk: HIGH
2026-05-16 03:22:46,396 - __main__ - INFO - Application started
2026-05-16 03:22:46,470 - __main__ - INFO - Application started
2026-05-16 03:22:47,331 - __main__ - INFO - Application started
2026-05-16 03:22:47,484 - __main__ - INFO - Scoring transaction 71113
2026-05-16 03:22:47,808 - __main__ - INFO - Decision: 🟡 SOFT_DECLINE, Risk: HIGH
